$ ./p4_pois_dist
Enter the number of random numbers to be generated: 1000
Enter the expected value: 5


                              Poisson Distribution

  200 ++--------+---------+---------+--------+---------+---------+--------++
      +         +         +    **   +        +         +         +         +
  180 ++                       **                                         ++
  160 ++                  **   **                                         ++
      |              **   **   **                                          |
  140 ++             **   **   **   **                                    ++
      |              **   **   **   **                                     |
  120 ++             **   **   **   **                                    ++
  100 ++             **   **   **   **                                    ++
      |              **   **   **   **   **                                |
   80 ++             **   **   **   **   **                               ++
      |         ***  **   **   **   **   **                                |
   60 ++        * *  **   **   **   **   **  ***                          ++
      |    ***  * *  **   **   **   **   **  * *                           |
   40 ++   * *  * *  **   **   **   **   **  * *  ***                     ++
   20 ++   * *  * *  **   **   **   **   **  * *  * *  ***                ++
      ***  * *  * *  **   **   **   **   **  * *  * *  * *  ***  +         +
    0 ***--***--***--**---**---**---**---**--***--***--***--***--***--***-++
      0         2         4         6        8         10        12        14
                                      Bins

$ ./p4_pois_dist
Enter the number of random numbers to be generated: 200000
Enter the expected value: 5


                               Poisson Distribution

  40000 ++-----+-----+------+------+------+-----+------+------+-----+-----++
        +      +     +      +      +      +     +      +      +     +      +
  35000 ++           *** **                                               ++
        |            * * **                                                |
  30000 ++           * * ** **                                            ++
        |         ** * * ** **                                             |
  25000 ++        ** * * ** **                                            ++
        |         ** * * ** **                                             |
  20000 ++        ** * * ** ** ***                                        ++
        |         ** * * ** ** * *                                         |
        |      ** ** * * ** ** * *                                         |
  15000 ++     ** ** * * ** ** * * **                                     ++
        |      ** ** * * ** ** * * **                                      |
  10000 ++     ** ** * * ** ** * * **                                     ++
        |  **  ** ** * * ** ** * * ** **                                   |
   5000 ++ **  ** ** * * ** ** * * ** **  **                              ++
        ** **  ** ** * * ** ** * * ** **  ** ** +      +      +     +      +
      0 **-**--**-**-***-**-**-***-**-**--**-**-**--**-**-**--**-**-**----++
        0      2     4      6      8      10    12     14     16    18     20
                                       Bins

$ ./p4_pois_dist
Enter the number of random numbers to be generated: 1000000
Enter the expected value: 5


                                Poisson Distribution

  180000 ++-----+-----**--**-+-----+------+------+-----+------+-----+-----++
         +      +     **  ** +     +      +      +     +      +     +      +
  160000 ++           **  **                                              ++
         |            **  ** **                                            |
  140000 ++        ** **  ** **                                           ++
         |         ** **  ** **                                            |
  120000 ++        ** **  ** **                                           ++
         |         ** **  ** ** **                                         |
  100000 ++        ** **  ** ** **                                        ++
   80000 ++     ** ** **  ** ** **                                        ++
         |      ** ** **  ** ** **                                         |
   60000 ++     ** ** **  ** ** ** **                                     ++
         |      ** ** **  ** ** ** **                                      |
   40000 ++     ** ** **  ** ** ** **                                     ++
         |  **  ** ** **  ** ** ** **  **                                  |
   20000 ++ **  ** ** **  ** ** ** **  ** **                              ++
         ** **  ** ** **  ** ** ** **  ** ** **  +     +      +     +      +
       0 **-**--**-**-**--**-**-**-**--**-**-**--**-**-**--**-**-**-***---++
         0      2     4      6     8      10     12    14     16    18     20
                                        Bins

$ ./p4_pois_dist
Enter the number of random numbers to be generated: -1000

Error! Enter a positive number: 0

Error! Enter a positive number: 1000
Enter the expected value: -1000

Error! Enter a positive number: 0
Enter the expected value: 10


                              Poisson Distribution

  140 ++------------+----------**-+------------+-------------+------------++
      +             +          ** +            +             +             +
  120 ++                 ** ** ** **                                      ++
      |                  ** ** ** **                                       |
      |                  ** ** ** **                                       |
  100 ++                 ** ** ** **                                      ++
      |                  ** ** ** ****                                     |
   80 ++                 ** ** ** **** **                                 ++
      |                  ** ** ** **** **                                  |
      |                * ** ** ** **** **                                  |
   60 ++               * ** ** ** **** ** **                              ++
      |          ** ** * ** ** ** **** ** **                               |
   40 ++         ** ** * ** ** ** **** ** **                              ++
      |          ** ** * ** ** ** **** ** ** **                            |
      |       ** ** ** * ** ** ** **** ** ** **                            |
   20 ++      ** ** ** * ** ** ** **** ** ** ****                         ++
      +     * ** ** ** * ** ** ** **** ** ** **** ** ** **   +             +
    0 **-**-*-**-**-**-*-**-**-**-****-**-**-****-**-**-****-**-----------++
      0             5             10           15            20            25
                                      Bins

$ ./p4_pois_dist
Enter the number of random numbers to be generated: 1000
Enter the expected value: 10000


                              Poisson Distribution

  25 ++------------+-------------+-------------+-------------+------------++
     +             +             +             +             +             +
     |                                                                     |
  20 ++                            *       **                             ++
     |                  **         *       **    *                         |
     |         *       ***    *    * *     ** * **                         |
     |         *       ***    **   * * *** ** * **                         |
  15 ++        *   *   *****  **  ** * ****** * **                        ++
     |         *   *   ****** **  ** * ****** * **    **                   |
     |         *   *   ****** ****** ********** ***   **  *                |
  10 +*  *    ***  * ******** ***************** ***   *** *  *            ++
     |*  * ****** ** ******************************  ******  *   *         |
     |** ******** ***************************************** **** *         |
     |** ************************************************** **** **     *  |
   5 *********************************************************** *****  ****
     ****************************************************************** ****
     ***********************************************************************
   0 ***********************************************************************
     0             20            40            60            80           100
                                      Bins

$
