$ ./p3_norm_dist
Enter the number of random numbers to be generated: 1000
Enter the mean: 12
Enter the standard deviation: 2


                               Normal Distribution

  30 ++------------+-------------+--*----------+------------+-------------++
     +             +             + **     **   +            +             +|
     |                             **     **                               |
  25 ++                        **  ** **  **   * **                       ++
     |                     *   **  ** **  **   * **                        |
     |                     *   **  ** ******** * **                        |
  20 ++                   ***  ** ************ * **                       ++
     |                    ***  ** ************** **                        |
  15 ++                   **** *********************                      ++
     |                    ***************************  *                   |
     |                **  ***************************  *                   |
  10 ++               *** ******************************                  ++
     |                **********************************  **               |
     |                ****************************************             |
   5 ++          ** ******************************************   *        ++
     |     *     *********************************************** *         |
     *  *****  *****************************************************  **  *|
   0 *+-*****--*****************************************************--**--*+
     0             20            40            60           80           100
                                      Bins

$ ./p3_norm_dist
Enter the number of random numbers to be generated: 200000
Enter the mean: 12
Enter the standard deviation: 2


                                Normal Distribution

  5000 ++-----------+-------------+------------+-------------+------------++
       +            +             +  ********  +             +            +|
  4500 ++                          ***********                            ++
  4000 ++                          *************                          ++
       |                         ****************                          |
  3500 ++                       *******************                       ++
       |                       *********************                       |
  3000 ++                     ***********************                     ++
  2500 ++                   ***************************                   ++
       |                   ****************************                    |
  2000 ++                 *******************************                 ++
       |                 *********************************                 |
  1500 ++              ************************************               ++
       |              ***************************************              |
  1000 ++          ********************************************           ++
   500 ++       *************************************************         ++
       *   *************************************************************  *|
     0 ********************************************************************+
       0            20            40           60            80          100
                                       Bins

$ ./p3_norm_dist
Enter the number of random numbers to be generated: 1000000
Enter the mean: 12
Enter the standard deviation: 2


                                Normal Distribution

  25000 ++-----------+-------------+------------+------------+------------++
        +            +             +  ********  +            +            +|
        |                            ***********                           |
  20000 ++                         **************                         ++
        |                         ****************                         |
        |                        ******************                        |
        |                      *********************                       |
  15000 ++                    ************************                    ++
        |                    *************************                     |
        |                   ****************************                   |
  10000 ++                 ******************************                 ++
        |                *********************************                 |
        |               ************************************               |
        |             ****************************************             |
   5000 ++          ********************************************          ++
        |        *************************************************         |
        *   ************************************************************  *|
      0 *******************************************************************+
        0            20            40           60           80          100
                                       Bins

$ ./p3_norm_dist
Enter the number of random numbers to be generated: -1000

Error! Enter a positive number: 0

Error! Enter a positive number: 200000
Enter the mean: 0
Enter the standard deviation: 1


                                Normal Distribution

  5000 ++-----------+-------------+------**----+-------------+------------++
       +            +             +  ********  +             +            +|
  4500 ++                           ***********                           ++
  4000 ++                         ***************                         ++
       |                         *****************                         |
  3500 ++                      ********************                       ++
       |                       **********************                      |
  3000 ++                    ************************                     ++
  2500 ++                    **************************                   ++
       |                   ****************************                    |
  2000 ++                 *******************************                 ++
       |                **********************************                 |
  1500 ++              ************************************               ++
       |             ****************************************              |
  1000 ++          ********************************************           ++
   500 ++        *************************************************        ++
       *   ************************************************************   *|
     0 ********************************************************************+
       0            20            40           60            80          100
                                       Bins

$ ./p3_norm_dist
Enter the number of random numbers to be generated: 200000
Enter the mean: -100
Enter the standard deviation: 0


                                 Normal Distribution

  200000 *+-----------+------------+------------+------------+------------++
         *            +            +            +            +            +|
         *                                                                 |
         *                                                                 |
  150000 *+                                                               ++
         *                                                                 |
         *                                                                 |
         *                                                                 |
  100000 *+                                                               ++
         *                                                                 |
         *                                                                 |
         *                                                                 |
         *                                                                 |
   50000 *+                                                               ++
         *                                                                 |
         *                                                                 |
         *            +            +            +            +            +|
       0 *+-----------+------------+------------+------------+------------++
         0            20           40           60           80          100
                                        Bins

$ ./p3_norm_dist
Enter the number of random numbers to be generated: 200000
Enter the mean: 12
Enter the standard deviation: -2


                                Normal Distribution

  5000 ++-----------+-------------+----**------+-------------+------------++
       +            +             +  ********  +             +            +|
  4500 ++                          ************                           ++
  4000 ++                          *************                          ++
       |                         *****************                         |
  3500 ++                       *******************                       ++
       |                      **********************                       |
  3000 ++                    ************************                     ++
  2500 ++                    **************************                   ++
       |                   *****************************                   |
  2000 ++                 *******************************                 ++
       |                 *********************************                 |
  1500 ++              ************************************               ++
       |             ****************************************              |
  1000 ++          ********************************************           ++
   500 ++       *************************************************         ++
       *    ************************************************************  *|
     0 ********************************************************************+
       0            20            40           60            80          100
                                       Bins

$
